test/errors/polymorphism/InconsistentApply.fj:11:17:
   |
11 |   second "hello" 5
   |                 ^^^
expression has type Int, expected String
