test/errors/polymorphism/InconsistentReturn.fj:5:3:
  |
5 |   5
  |   ^^
expression has type Int, expected a
