test/errors/parametric-polymorphism/InconsistentApply.fj:9:17:
  |
9 |   second "hello" 5
  |                 ^^^
expression has type ?:Int, expected ?:String
