errors/too-many-parameters/TooManyParameters1.fj:4:9:
  |
4 | myFun x y = 
  |         ^^^^^
too many parameters, expected 1
