errors/uniqueness/SharedToUnique.fj:10:13:
   |
10 |   useUnique x
   |             ^^
expected unique value
