test/errors/uniqueness/Wasteful.fj:5:3:
  |
5 |   a
  |   ^^
too few usages of b
