IntLiteralToStringValue.fj:4:15:
  |
4 | stringValue = 30
  |               ^^^
expression has type Int, expected String
