errors/Frugal.fj:9:7:
  |
9 |   (m, m)
  |       ^^^
too many usages of m
