test/errors/MissingExpressionEnum.fj:9:2:
  |
9 |  
  |  ^
unexpected end of input
expecting expression
