MissingDeclaration.fj:4:1:
  |
4 | <empty line>
  | ^
unexpected end of input
expecting declaration or end of line
