MissingDef.fj:4:1:
  |
4 | <empty line>
  | ^
unexpected end of input
expecting definition or end of line
