test/errors/MissingExpression.fj:5:2:
  |
5 |  
  |  ^
unexpected end of input
expecting expression
