errors/ReturnShared.fj:5:3:
  |
5 |   x
  |   ^^
expected unique value
