test/errors/Sharing.fj:11:18:
   |
11 |   useSharedInt x x
   |                  ^^
too many usages of x
