test/errors/TypeNotFound.fj:3:1:
  |
3 | myUnknownValue : UnknownTypeName
  | ^^^^^^^^^^^^^^^^^^^^^^^^^^^^
unknown type UnknownTypeName
