test/errors/UndefinedOperator.fj:4:18:
  |
4 | undefinedOp a = a ++ 1
  |                  ^^^^^^
"++" is undefined in scope
